// Jest Snapshot v1, https://goo.gl/fbAQLP

exports[`AddMovieModalContent should render correctly 1`] = `
<Provider
  store={
    Object {
      "dispatch": [Function],
      "getState": [Function],
      "replaceReducer": [Function],
      "subscribe": [Function],
      Symbol(observable): [Function],
    }
  }
>
  <AddMovieModalContent
    closeModal={[MockFunction]}
  />
</Provider>
`;
